// Jest Snapshot v1, https://goo.gl/fbAQLP

exports[`Fetch subject should filter out invisible elements 1`] = `
Array [
  Object {
    "contentUri": "urn:frontpage:1",
    "id": "urn:subject:3",
    "metadata": Object {
      "visible": true,
    },
    "name": "Samfunnsfag YF Vg2",
    "path": "/subject:3",
  },
]
`;
